carga ligada: 12 processos; load antes = 11.24 13.54 16.64

     Running unittests src/main.rs (target/debug/deps/seele_app-a4c45c69f67cbcae)
test result: ok. 9 passed; 0 failed; 0 ignored; 0 measured; 0 filtered out; finished in 12.14s
     Running tests/empacotamento.rs (target/debug/deps/empacotamento-18b8dca52925f756)
test result: ok. 22 passed; 0 failed; 0 ignored; 0 measured; 0 filtered out; finished in 0.01s
     Running tests/encerramento.rs (target/debug/deps/encerramento-af93e7ba37c90508)
test result: ok. 2 passed; 0 failed; 0 ignored; 0 measured; 0 filtered out; finished in 0.00s
     Running tests/fontes.rs (target/debug/deps/fontes-099de967fc3fe774)
test result: ok. 5 passed; 0 failed; 0 ignored; 0 measured; 0 filtered out; finished in 0.00s
     Running tests/frontend.rs (target/debug/deps/frontend-789c9058a9f916d0)
test result: ok. 184 passed; 0 failed; 0 ignored; 0 measured; 0 filtered out; finished in 0.10s
     Running tests/marca.rs (target/debug/deps/marca-9e788da0ebcd7c2e)
test result: ok. 9 passed; 0 failed; 0 ignored; 0 measured; 0 filtered out; finished in 0.00s
     Running tests/permissoes.rs (target/debug/deps/permissoes-131099c295dbea56)
test result: ok. 4 passed; 0 failed; 0 ignored; 0 measured; 0 filtered out; finished in 0.02s
     Running tests/tokens.rs (target/debug/deps/tokens-656e93ea9a439e42)
test result: ok. 3 passed; 0 failed; 0 ignored; 0 measured; 0 filtered out; finished in 0.00s
     Running unittests src/lib.rs (target/debug/deps/seele_audio-c7c0ccbbf727848f)
thread '<unnamed>' (20343116) panicked at crates/seele-audio/src/laco.rs:456:13:
envenenando de propósito, para o teste
test result: ok. 199 passed; 0 failed; 0 ignored; 0 measured; 0 filtered out; finished in 0.41s
     Running tests/opus_toolchain.rs (target/debug/deps/opus_toolchain-e009170dab0bd588)
test result: ok. 4 passed; 0 failed; 0 ignored; 0 measured; 0 filtered out; finished in 0.01s
     Running tests/realtime_safety.rs (target/debug/deps/realtime_safety-78d926d44086c643)
test result: ok. 8 passed; 0 failed; 0 ignored; 0 measured; 0 filtered out; finished in 0.01s
     Running unittests src/lib.rs (target/debug/deps/seele_conformance-19fa08d0df6a64d8)
test result: ok. 0 passed; 0 failed; 0 ignored; 0 measured; 0 filtered out; finished in 0.00s
     Running tests/acceptance_m2.rs (target/debug/deps/acceptance_m2-73b960a2cccad021)
test result: ok. 9 passed; 0 failed; 0 ignored; 0 measured; 0 filtered out; finished in 0.96s
     Running tests/acceptance_m3.rs (target/debug/deps/acceptance_m3-33d3a0d1c9735b83)
test result: ok. 8 passed; 0 failed; 0 ignored; 0 measured; 0 filtered out; finished in 1.77s
     Running tests/acceptance_m5.rs (target/debug/deps/acceptance_m5-216e2217c0911376)
test result: ok. 15 passed; 0 failed; 0 ignored; 0 measured; 0 filtered out; finished in 20.02s
     Running tests/acceptance_seguranca.rs (target/debug/deps/acceptance_seguranca-ad79f67ea711b966)
test result: ok. 8 passed; 0 failed; 0 ignored; 0 measured; 0 filtered out; finished in 3.38s
     Running tests/aceite_dos_mods.rs (target/debug/deps/aceite_dos_mods-6ec3c300f424c93a)
test result: ok. 15 passed; 0 failed; 0 ignored; 0 measured; 0 filtered out; finished in 2.18s
     Running tests/anexos.rs (target/debug/deps/anexos-69c2eb276bf16bef)
test result: ok. 10 passed; 0 failed; 0 ignored; 0 measured; 0 filtered out; finished in 1.29s
     Running tests/bateria_interna.rs (target/debug/deps/bateria_interna-d13e05667ae84c37)
test result: ok. 5 passed; 0 failed; 0 ignored; 0 measured; 0 filtered out; finished in 21.08s
     Running tests/cancelamento.rs (target/debug/deps/cancelamento-d3a5473112c521aa)
test result: ok. 4 passed; 0 failed; 0 ignored; 0 measured; 0 filtered out; finished in 0.01s
     Running tests/candidatos.rs (target/debug/deps/candidatos-2f69390d7a0969f2)
test result: ok. 3 passed; 0 failed; 0 ignored; 0 measured; 0 filtered out; finished in 4.52s
     Running tests/convite.rs (target/debug/deps/convite-2882af9e5d3fe0f5)
test result: ok. 3 passed; 0 failed; 0 ignored; 0 measured; 0 filtered out; finished in 0.27s
     Running tests/duas_maquinas.rs (target/debug/deps/duas_maquinas-cd251c37fb109d7a)
test result: ok. 0 passed; 0 failed; 1 ignored; 0 measured; 0 filtered out; finished in 0.00s
     Running tests/ejetar.rs (target/debug/deps/ejetar-e1950d3bc3a4e6b6)
test result: ok. 3 passed; 0 failed; 0 ignored; 0 measured; 0 filtered out; finished in 0.96s
     Running tests/estados.rs (target/debug/deps/estados-9be40e3973863546)
test result: ok. 10 passed; 0 failed; 0 ignored; 0 measured; 0 filtered out; finished in 4.28s
     Running tests/furo.rs (target/debug/deps/furo-983a575e2b6ab2d5)
test result: ok. 7 passed; 0 failed; 0 ignored; 0 measured; 0 filtered out; finished in 5.97s
     Running tests/icone_na_chegada.rs (target/debug/deps/icone_na_chegada-1004522c4b560fe8)
test result: ok. 1 passed; 0 failed; 0 ignored; 0 measured; 0 filtered out; finished in 0.09s
     Running tests/limite_de_taxa.rs (target/debug/deps/limite_de_taxa-5aea02ce213570b8)
test result: ok. 2 passed; 0 failed; 0 ignored; 0 measured; 0 filtered out; finished in 0.19s
     Running tests/moderacao.rs (target/debug/deps/moderacao-02fd79bf1145829d)
test result: ok. 6 passed; 0 failed; 0 ignored; 0 measured; 0 filtered out; finished in 0.52s
     Running tests/ocupacao.rs (target/debug/deps/ocupacao-f20c7806df113d89)
test result: ok. 4 passed; 0 failed; 0 ignored; 0 measured; 0 filtered out; finished in 1.12s
     Running tests/quarto.rs (target/debug/deps/quarto-0c7fda07939565c0)
test result: ok. 5 passed; 0 failed; 0 ignored; 0 measured; 0 filtered out; finished in 0.20s
     Running tests/rajada.rs (target/debug/deps/rajada-61a26009a132fb3a)
test result: ok. 1 passed; 0 failed; 0 ignored; 0 measured; 0 filtered out; finished in 0.23s
     Running tests/reconexao_fantasma.rs (target/debug/deps/reconexao_fantasma-a073f477d58c1e6a)
test result: ok. 1 passed; 0 failed; 0 ignored; 0 measured; 0 filtered out; finished in 0.54s
     Running tests/recusa.rs (target/debug/deps/recusa-ae3dca36423a0e19)
test result: ok. 2 passed; 0 failed; 0 ignored; 0 measured; 0 filtered out; finished in 0.04s
     Running tests/salas.rs (target/debug/deps/salas-6de7e8557c3c72c1)
test result: ok. 4 passed; 0 failed; 0 ignored; 0 measured; 0 filtered out; finished in 3.07s
     Running tests/senha_da_sala.rs (target/debug/deps/senha_da_sala-0e4db2cf34f29916)
test result: ok. 2 passed; 0 failed; 0 ignored; 0 measured; 0 filtered out; finished in 0.90s
     Running tests/sincronia.rs (target/debug/deps/sincronia-37a890047ee09480)
test result: ok. 2 passed; 0 failed; 0 ignored; 0 measured; 0 filtered out; finished in 0.04s
     Running tests/soak_audio.rs (target/debug/deps/soak_audio-1bbce9ae6f1003c0)
test result: ok. 3 passed; 0 failed; 0 ignored; 0 measured; 0 filtered out; finished in 2.28s
     Running tests/tela_por_um_par.rs (target/debug/deps/tela_por_um_par-a944b0f57ee9f0b6)
thread 'destruir_o_enlace_encerra_o_caminho_do_par_e_quem_emprestava_volta_a_servir' (20352045) panicked at crates/seele-conformance/tests/tela_por_um_par.rs:2908:9:
o servidor apontou um par e não o contou como ocupado: o que for destruído agora não tinha caminho de par nenhum
test destruir_o_enlace_encerra_o_caminho_do_par_e_quem_emprestava_volta_a_servir ... FAILED
failures:
failures:
    destruir_o_enlace_encerra_o_caminho_do_par_e_quem_emprestava_volta_a_servir
test result: FAILED. 18 passed; 1 failed; 0 ignored; 0 measured; 0 filtered out; finished in 18.96s
error: test failed, to rerun pass `-p seele-conformance --test tela_por_um_par`

=== ROTULO=desarmado_1 SAIDA=101 PAREDE=143.894630000s ===
